// Jest Snapshot v1, https://goo.gl/fbAQLP

exports[`should return person 1`] = `
Object {
  "person": Object {
    "conversations": Array [],
    "createdAt": Any<String>,
    "email": Any<String>,
    "id": 2,
    "isActive": true,
    "isAdmin": null,
    "lastSeen": null,
    "messages": Array [],
    "username": Any<String>,
  },
}
`;
